Microsoft HTML Help Compiler 4.74.8702

Compiling c:\MySoftware\MODSIM\HTML help project\Modsim.chm

FeedStreams.htm
Components.htm
ModelCSCR.html
ModelDMCY.html
ModelDYNA.html
ModelEMJC.html
ModelCONV.htm
ModelWICY.html
Running simulations.html
Simulation output.html
ModelKSCN.html
ModelCSCN.html
ModelWDMS.htm
ModelDOFI.htm
ModelWDM2.htm
ModelELUT.htm
ModelKNEL.htm
ModelSJIG.htm
ModelVJIG.htm
ModelHFSU.htm
ModelHFMI.htm
ModelHFML.htm
ModelUMIL.htm
ModelGMSU.htm
ModelGMI1.htm
ModelGMIL.htm
ModelSAGT.htm
ModelFAGM.htm
ModelFAGT.htm
ModelSAGM.htm
ModelRODM.htm
ModelRODL.htm
Model list.htm
ModelMILL.htm
About MODSIM.htm
System data.htm
Largest particle size.htm
PlantData.htm
WaterStreams.htm
Unit models.html
feedstreams.jpg
Water InjectionCyclone.JPG
PAPER12M.jpg
wdms\ole.gif
wdms\ole1.gif
dofi\ole.gif
dofi\ole1.gif
dofi\ole2.gif
dofi\ole3.gif
wdm2\ole.gif
wdm2\ole1.gif
wdm2\ole2.gif
knel\ole.gif
knel\ole1.gif
vjig\ole.gif
hfsu\ole.gif
hfsu\ole1.gif
hfsu\ole2.gif
hfmi\ole.gif
hfml\ole.gif
hfml\ole1.gif
hfml\ole2.gif
umil\ole.gif
umil\ole1.gif
umil\ole2.gif
umil\ole3.gif
umil\ole4.gif
umil\ole5.gif
umil\ole6.gif
umil\ole7.gif
fagm\ole.gif
fagm\ole1.gif
rodm\ole.gif
rodm\ole1.gif
mill\ole.gif
mill\ole1.gif
mill\ole2.gif
systemdata.jpg
waterstreams.jpg

Compile time: 0 minutes, 3 seconds
40	Topics
63	Local links
0	Internet links
39	Graphics


Created c:\MySoftware\MODSIM\HTML help project\Modsim.chm, 138,690 bytes
Compression decreased file by 148,866 bytes.
