Microsoft HTML Help Compiler 4.74.8702

Compiling c:\MySoftware\MODSIM\HTML help project\Modsim.chm

System data.htm
Largest particle size.htm
About MODSIM.htm
PlantData.htm
WaterStreams.htm
FeedStreams.htm
Components.htm
ModelHFML.html
ModelCSCR.html
ModelDMCY.html
ModelDYNA.html
ModelELUT.html
ModelEMJC.html
ModelFAGM.html
ModelHFMI.html
ModelHFSU.html
ModelCONV.htm
ModelWICY.html
Running simulations.html
Simulation output.html
Unit models.html
ModelKSCN.html
ModelCSCN.html
ModelSJIG.html
ModelVJIG.htm
ModelDOFI.htm
Model list.htm
systemdata.jpg
waterstreams.jpg
feedstreams.jpg
HerbstFuerstenauSelectionFunction.gif
Water InjectionCyclone.JPG
PAPER12M.jpg
dofi\ole.gif
dofi\ole1.gif
dofi\ole2.gif
dofi\ole3.gif
dofi\ole4.gif
Coal Preparation 1995.pdf
APCOM87.pdf

Compile time: 0 minutes, 5 seconds
28	Topics
44	Local links
0	Internet links
11	Graphics


Created c:\MySoftware\MODSIM\HTML help project\Modsim.chm, 1,160,888 bytes
Compression decreased file by 133,255 bytes.
